Flow report for SR_LATCH
Fri Apr 03 19:30:45 2026
Quartus II 64-Bit Version 13.0.1 Build 232 06/12/2013 Service Pack 1 SJ Web Edition


---------------------
; Table of Contents ;
---------------------
  1. Legal Notice
  2. Flow Summary
  3. Flow Settings
  4. Flow Non-Default Global Settings
  5. Flow Elapsed Time
  6. Flow OS Summary
  7. Flow Log
  8. Flow Messages
  9. Flow Suppressed Messages



----------------
; Legal Notice ;
----------------
Copyright (C) 1991-2013 Altera Corporation
Your use of Altera Corporation's design tools, logic functions 
and other software and tools, and its AMPP partner logic 
functions, and any output files from any of the foregoing 
(including device programming or simulation files), and any 
associated documentation or information are expressly subject 
to the terms and conditions of the Altera Program License 
Subscription Agreement, Altera MegaCore Function License 
Agreement, or other applicable license agreement, including, 
without limitation, that your use is for the sole purpose of 
programming logic devices manufactured by Altera and sold by 
Altera or its authorized distributors.  Please refer to the 
applicable agreement for further details.



+-----------------------------------------------------------------------------+
; Flow Summary                                                                ;
+---------------------------+-------------------------------------------------+
; Flow Status               ; Successful - Fri Apr 03 19:30:44 2026           ;
; Quartus II 64-Bit Version ; 13.0.1 Build 232 06/12/2013 SP 1 SJ Web Edition ;
; Revision Name             ; SR_LATCH                                        ;
; Top-level Entity Name     ; SR_LATCH                                        ;
; Family                    ; Cyclone IV E                                    ;
+---------------------------+-------------------------------------------------+


+-----------------------------------------+
; Flow Settings                           ;
+-------------------+---------------------+
; Option            ; Setting             ;
+-------------------+---------------------+
; Start date & time ; 04/03/2026 19:30:43 ;
; Main task         ; Compilation         ;
; Revision Name     ; SR_LATCH            ;
+-------------------+---------------------+


+--------------------------------------------------------------------------------------------------------------------------------------------+
; Flow Non-Default Global Settings                                                                                                           ;
+---------------------------------------------+-------------------------------+---------------+-------------+--------------------------------+
; Assignment Name                             ; Value                         ; Default Value ; Entity Name ; Section Id                     ;
+---------------------------------------------+-------------------------------+---------------+-------------+--------------------------------+
; ABSORB_PATHS_FROM_OUTPUTS_TO_INPUTS         ; On                            ; --            ; --          ; hard_block:auto_generated_inst ;
; ALLOW_MULTIPLE_PERSONAS                     ; Off                           ; --            ; --          ; hard_block:auto_generated_inst ;
; COMPILER_SIGNATURE_ID                       ; 3106767662895.177498175805204 ; --            ; --          ; --                             ;
; CROSS_BOUNDARY_OPTIMIZATIONS                ; Off                           ; --            ; --          ; hard_block:auto_generated_inst ;
; EDA_OUTPUT_DATA_FORMAT                      ; Verilog Hdl                   ; --            ; --          ; eda_simulation                 ;
; EDA_SIMULATION_TOOL                         ; ModelSim-Altera (Verilog)     ; <None>        ; --          ; --                             ;
; INPUT_PERSONA                               ;                               ; --            ; --          ; Top                            ;
; INPUT_PERSONA                               ;                               ; --            ; --          ; hard_block:auto_generated_inst ;
; MERGE_EQUIVALENT_BIDIRS                     ; On                            ; --            ; --          ; hard_block:auto_generated_inst ;
; MERGE_EQUIVALENT_INPUTS                     ; On                            ; --            ; --          ; hard_block:auto_generated_inst ;
; PARTITION_ASD_REGION_ID                     ; 1                             ; --            ; --          ; hard_block:auto_generated_inst ;
; PARTITION_COLOR                             ; 39423                         ; --            ; --          ; hard_block:auto_generated_inst ;
; PARTITION_EXTRACT_HARD_BLOCK_NODES          ; On                            ; --            ; --          ; hard_block:auto_generated_inst ;
; PARTITION_FITTER_PRESERVATION_LEVEL         ; NETLIST_ONLY                  ; --            ; --          ; hard_block:auto_generated_inst ;
; PARTITION_IGNORE_SOURCE_FILE_CHANGES        ; Off                           ; --            ; --          ; hard_block:auto_generated_inst ;
; PARTITION_IMPORT_ASSIGNMENTS                ; On                            ; --            ; --          ; hard_block:auto_generated_inst ;
; PARTITION_IMPORT_EXISTING_ASSIGNMENTS       ; REPLACE_CONFLICTING           ; --            ; --          ; hard_block:auto_generated_inst ;
; PARTITION_IMPORT_EXISTING_LOGICLOCK_REGIONS ; UPDATE_CONFLICTING            ; --            ; --          ; hard_block:auto_generated_inst ;
; PARTITION_IMPORT_FILE                       ;                               ; --            ; --          ; Top                            ;
; PARTITION_IMPORT_FILE                       ;                               ; --            ; --          ; hard_block:auto_generated_inst ;
; PARTITION_IMPORT_PIN_ASSIGNMENTS            ; On                            ; --            ; --          ; hard_block:auto_generated_inst ;
; PARTITION_IMPORT_PROMOTE_ASSIGNMENTS        ; On                            ; --            ; --          ; hard_block:auto_generated_inst ;
; PARTITION_LAST_IMPORTED_FILE                ;                               ; --            ; --          ; Top                            ;
; PARTITION_LAST_IMPORTED_FILE                ;                               ; --            ; --          ; hard_block:auto_generated_inst ;
; PARTITION_NETLIST_TYPE                      ; SOURCE                        ; --            ; --          ; hard_block:auto_generated_inst ;
; PARTITION_PRESERVE_HIGH_SPEED_TILES         ; On                            ; --            ; --          ; hard_block:auto_generated_inst ;
; PARTITION_TYPE                              ; HARD_BLOCK_PARTITION          ; --            ; --          ; hard_block:auto_generated_inst ;
; PROPAGATE_CONSTANTS_ON_INPUTS               ; On                            ; --            ; --          ; hard_block:auto_generated_inst ;
; PROPAGATE_INVERSIONS_ON_INPUTS              ; On                            ; --            ; --          ; hard_block:auto_generated_inst ;
; REMOVE_LOGIC_ON_UNCONNECTED_OUTPUTS         ; On                            ; --            ; --          ; hard_block:auto_generated_inst ;
+---------------------------------------------+-------------------------------+---------------+-------------+--------------------------------+


+------------------------------------------------------------------------------------------------------------------------+
; Flow Elapsed Time                                                                                                      ;
+--------------------+--------------+-------------------------+---------------------+------------------------------------+
; Module Name        ; Elapsed Time ; Average Processors Used ; Peak Virtual Memory ; Total CPU Time (on all processors) ;
+--------------------+--------------+-------------------------+---------------------+------------------------------------+
; EDA Netlist Writer ; 00:00:09     ; 1.0                     ; 4521 MB             ; 00:00:02                           ;
; Total              ; 00:00:09     ; --                      ; --                  ; 00:00:02                           ;
+--------------------+--------------+-------------------------+---------------------+------------------------------------+


+---------------------------------------------------------------------------------+
; Flow OS Summary                                                                 ;
+--------------------+------------------+-----------+------------+----------------+
; Module Name        ; Machine Hostname ; OS Name   ; OS Version ; Processor type ;
+--------------------+------------------+-----------+------------+----------------+
; EDA Netlist Writer ; WIN-6SK9USEGCH7  ; Windows 7 ; 6.2        ; x86_64         ;
+--------------------+------------------+-----------+------------+----------------+


------------
; Flow Log ;
------------
quartus_eda --gen_testbench --check_outputs=on --tool=modelsim_oem --format=verilog SR_LATCH -c SR_LATCH --vector_source="C:/ITI 1100/lab5/SR_Latch/Simulation/Waveform.vwf" --testbench_file=./simulation/qsim/SR_LATCH.vt



